FullSentence	Sentence	TargetWords	Surprisal	NumTokens
Henry was surprised to find he wouldn't be promoted for his day to day performance, but needed a major raise	Henry was surprised to find he wouldn't be promoted for his day to day performance, but needed a major raise	 raise	12.271050418366967	1
The cigar burned a hole in the couch	The cigar burned a hole in the couch	 couch	4.024694001851658	1
His first film was a failure, but he learned some techniques in that first try	His first film was a failure, but he learned some techniques in that first try	 try	6.710364739913625	1
He was hired for the job because of his fresh new look	He was hired for the job because of his fresh new look	 look	6.451309946016977	1
The journal issue that has the new article about diseases of the eye is still in print	The journal issue that has the new article about diseases of the eye is still in print	 print	7.322105812938633	1
Every spring they held the annual ball	Every spring they held the annual ball	 ball	8.880288591850759	1
Penelope started to assemble her new bicycle, but was missing the wheels	Penelope started to assemble her new bicycle, but was missing the wheels	 wheels	12.219152349661067	1
The restaurant will reopen with new management	The restaurant will reopen with new management	 management	4.2040841854769475	1
Jennifer disliked walking under the trees at the edge of the park because they were always full of bugs	Jennifer disliked walking under the trees at the edge of the park because they were always full of bugs	 bugs	7.313440986523054	1
The painting had a strong impact on everyone, but they couldn't agree on whether it was ugly or pretty	The painting had a strong impact on everyone, but they couldn't agree on whether it was ugly or pretty	 pretty	5.2728593616257475	1
I don't know why people like to see their initials in print	I don't know why people like to see their initials in print	 print	1.9613104375635972	1
The gem cutter examined the ruby very closely before cutting because he knew that one this large was very rare	The gem cutter examined the ruby very closely before cutting because he knew that one this large was very rare	 rare	0.5427146074461552	1
They couldn't decide whether to visit the Roman fort or the ruins of Aphrodite's temple	They couldn't decide whether to visit the Roman fort or the ruins of Aphrodite's temple	 temple	0.10725566241204754	1
He took a job training dogs for the police	He took a job training dogs for the police	 police	3.8575486923859144	1
The conductor gave detailed instructions to the orchestra	The conductor gave detailed instructions to the orchestra	 orchestra	5.7375722091046715	1
Down in the basement, Steve and Robert were playing cards	Down in the basement, Steve and Robert were playing cards	 cards	3.63210984709801	1
After the most recent price increase, the small business owner decided to order his office supplies from another company	After the most recent price increase, the small business owner decided to order his office supplies from another company	 company	1.6895931092930656	1
Sharon was sad that she had lost her dog	Sharon was sad that she had lost her dog	 dog	5.540193061014538	1
All of armed services will admit women, but females are barred from combat	All of armed services will admit women, but females are barred from combat	 combat	3.68955551104464	1
After the divorce, she had to move out of the expensive house to an apartment that was cheap	After the divorce, she had to move out of the expensive house to an apartment that was cheap	 cheap	9.85831175779996	1
His tactics usually turned out to be beneficial for the business, but they often came in conflict with his morals	His tactics usually turned out to be beneficial for the business, but they often came in conflict with his morals	 morals	7.069750029194847	1
Some of his jokes were crummy, but those one-liners were hilarious	Some of his jokes were crummy, but those one-liners were hilarious	 hilarious	2.4619094585676096	1
The inspector from the health department found a roach in a very expensive restaurant	The inspector from the health department found a roach in a very expensive restaurant	 restaurant	1.7012016106700745	1
The conductor had no idea that the train had been boarded by a known felon	The conductor had no idea that the train had been boarded by a known felon	 felon	6.296206812057532	1
The nurse brought him a glass of juice and his medicine	The nurse brought him a glass of juice and his medicine	 medicine	4.151734841762258	1
The teacher was not looking forward to another year of school	The teacher was not looking forward to another year of school	 school	3.5323805227369753	1
Steve skipped his annual checkup for another year	Steve skipped his annual checkup for another year	 year	0.189966580970046	1
The candidate wanted to please everyone without making any commitments, so his speech was deliberately vague	The candidate wanted to please everyone without making any commitments, so his speech was deliberately vague	 vague	0.12048624353132945	1
She poured water on the plants	She poured water on the plants	 plants	7.266992698334114	1
Mark liked the older houses, but Susan wanted to buy one that was new and modern	Mark liked the older houses, but Susan wanted to buy one that was new and modern	 modern	2.348844438326613	1
In an old sitcom, he was the wise family doctor	In an old sitcom, he was the wise family doctor	 doctor	2.4982294504914933	1
The government controlled the news media, so most of the reports from the war zone were censored	The government controlled the news media, so most of the reports from the war zone were censored	 censored	3.4399258438501183	1
Grinning wherever he went, it was easy to tell that Carl was proud of his new gold medal	Grinning wherever he went, it was easy to tell that Carl was proud of his new gold medal	 medal	4.707357818817263	1
During the summer, the children hung out at the pool	During the summer, the children hung out at the pool	 pool	3.6879378170952903	1
The handsome knight charged into the dark forest after the kidnapped princess, determined to prove that he could be heroic	The handsome knight charged into the dark forest after the kidnapped princess, determined to prove that he could be heroic	 heroic	7.020166764682056	1
The little girl kept a lock on her diary	The little girl kept a lock on her diary	 diary	6.2107744512822025	1
Flying low above her, Bernice could hear the plane	Flying low above her, Bernice could hear the plane	 plane	12.274176738520573	1
Perry heard a grinding noise coming from his car	Perry heard a grinding noise coming from his car	 car	4.071991893150178	1
If Jim's manager is incompetent, he has a legitimate right to complain	If Jim's manager is incompetent, he has a legitimate right to complain	 complain	1.9629715566336767	1
In the best part of the movie, the hero has to impersonate the villain	In the best part of the movie, the hero has to impersonate the villain	 villain	0.6165619250658411	1
The princess wore a crown	The princess wore a crown	 crown	5.0977886069528795	1
Jason was disappointed when the other scouts scared off the elk by loudly beating the drum	Jason was disappointed when the other scouts scared off the elk by loudly beating the drum	 drum	6.452131849381771	1
After the flood, the house smelled of mildew and everything in it was ruined	After the flood, the house smelled of mildew and everything in it was ruined	 ruined	2.072409208733366	1
Everyone on the scene gathered around to look at the accident	Everyone on the scene gathered around to look at the accident	 accident	7.990219329069353	1
The final score of the game was tied	The final score of the game was tied	 tied	9.761626664244703	1
After swimming the English Channel, Bonita was cold and completely exhausted	After swimming the English Channel, Bonita was cold and completely exhausted	 exhausted	0.025909084684572137	1
She had the data to back up everything she said, so the hostile questions did not shake her confidence	She had the data to back up everything she said, so the hostile questions did not shake her confidence	 confidence	5.145440535614434	1
The new dress was very pretty, but it was cut from an unusual fabric	The new dress was very pretty, but it was cut from an unusual fabric	 fabric	1.2205351528899924	1
When the little girl saw the big dog lumbering towards her, she began to run	When the little girl saw the big dog lumbering towards her, she began to run	 run	6.221386338924966	1
From her house a half mile away, Diana could still hear the loud cheers coming from the stadium	From her house a half mile away, Diana could still hear the loud cheers coming from the stadium	 stadium	3.3339779267848346	1
Five ships did not survive the storm	Five ships did not survive the storm	 storm	3.7994813711461655	1
The paramedics on the scene helped the passengers after the big car accident	The paramedics on the scene helped the passengers after the big car accident	 accident	2.5652911096941593	1
The pilot spoke to an air traffic controller just before the crash	The pilot spoke to an air traffic controller just before the crash	 crash	0.6304234255804045	1
The boy scouts started a long hike through the forest after having a big lunch	The boy scouts started a long hike through the forest after having a big lunch	 lunch	1.3604083900885895	1
When traveling, Roger prefers to stick to major roads	When traveling, Roger prefers to stick to major roads	 roads	4.853379331763816	1
While hemming a pair of pants, Bridget accidentally dropped her needle	While hemming a pair of pants, Bridget accidentally dropped her needle	 needle	3.0384134265664255	1
The rangers say that somewhere in the state park is a bear	The rangers say that somewhere in the state park is a bear	 bear	9.558479332842088	1
The doctor told him his headaches were due to stress	The doctor told him his headaches were due to stress	 stress	1.612821246848192	1
The groups in the parade walked by slowly, each waving their hands	The groups in the parade walked by slowly, each waving their hands	 hands	6.6963804083432805	1
The little girl was very sick, but unfortunately there was no cure	The little girl was very sick, but unfortunately there was no cure	 cure	0.12717405837067602	1
The meteor shower should have been spectacular, but the city lights blocked the view	The meteor shower should have been spectacular, but the city lights blocked the view	 view	0.7871292206068712	1
She was unsure how the book would end	She was unsure how the book would end	 end	3.958749421419152	1
He was desperate for a job, so finally took something doing door to door sales	He was desperate for a job, so finally took something doing door to door sales	 sales	0.6116669617807575	1
The young doctor wanted to work in the barrio so she set to work learning the Spanish translations of common medical terms	The young doctor wanted to work in the barrio so she set to work learning the Spanish translations of common medical terms	 terms	0.16823285626841733	1
Even though she was blindfolded, Jessie could tell from their voices that one of the kidnapers was old and two were young	Even though she was blindfolded, Jessie could tell from their voices that one of the kidnapers was old and two were young	 young	0.47544844622144306	1
In the window, they posted the hours they were open for business	In the window, they posted the hours they were open for business	 business	1.1168107895564794	1
They sent the kids with measles home from school because they were contagious	They sent the kids with measles home from school because they were contagious	 contagious	0.7949041927212298	1
Outside, Cora could hear the running water	Outside, Cora could hear the running water	 water	3.400102122749931	1
At night they often took a short walk	At night they often took a short walk	 walk	1.4707492558455777	1
The wealthy author always points out that she wrote four novels before one was published	The wealthy author always points out that she wrote four novels before one was published	 published	0.5956304975034011	1
The kitten waited patiently because behind the refrigerator was a mouse	The kitten waited patiently because behind the refrigerator was a mouse	 mouse	6.973123220519245	1
Norton hates getting up on winter mornings because it is always cold	Norton hates getting up on winter mornings because it is always cold	 cold	2.210171725379341	1
The fertilizer enriched the soil	The fertilizer enriched the soil	 soil	0.9203649930230487	1
The young girl passed her friend a note	The young girl passed her friend a note	 note	2.643901975507654	1
He tinkered with the engine every weekend until it was absolutely perfect	He tinkered with the engine every weekend until it was absolutely perfect	 perfect	0.3113795108069899	1
When Diane heard the shark warning, she swam as fast as she could for shore	When Diane heard the shark warning, she swam as fast as she could for shore	 shore	1.1420798528827567	1
Michael could hear the bells ringing in the tower of the church	Michael could hear the bells ringing in the tower of the church	 church	1.3849278723524723	1
When he got home from work on the construction site, his clothes were always dirty	When he got home from work on the construction site, his clothes were always dirty	 dirty	2.7974886927096194	1
Kevin propped his head up with a pillow as he basked in the hot sun	Kevin propped his head up with a pillow as he basked in the hot sun	 sun	1.68264422435912	1
He bought it without even asking the price	He bought it without even asking the price	 price	0.12277265548603121	1
Barry has considered proposing to his girlfriend, but he wants to wait until he is ready	Barry has considered proposing to his girlfriend, but he wants to wait until he is ready	 ready	4.597837356022227	1
John was disappointed to discover a scratch on his new car	John was disappointed to discover a scratch on his new car	 car	0.36268963800287507	1
He was afraid that doing drugs would damage his brain	He was afraid that doing drugs would damage his brain	 brain	2.281169633731569	1
They've been living together for a long time, but don't think they're actually married	They've been living together for a long time, but don't think they're actually married	 married	0.23455840918037085	1
Dennis the Menance was known for making trouble	Dennis the Menance was known for making trouble	 trouble	2.4354370144538255	1
When the shooting started they ran for cover	When the shooting started they ran for cover	 cover	1.4344281819004137	1
The federal agents examined the hundred dollar bill with a microscope to see if it was real	The federal agents examined the hundred dollar bill with a microscope to see if it was real	 real	3.833708156835224	1
Eva turned down the heat and left the sauce on the stove to simmer	Eva turned down the heat and left the sauce on the stove to simmer	 simmer	0.27382862590116996	1
Alone in the canyon, he was so spooked he was scared by his own shadow	Alone in the canyon, he was so spooked he was scared by his own shadow	 shadow	0.517140818073341	1
Betsy could never tell a lie	Betsy could never tell a lie	 lie	0.23688849151396013	1
The bad boy was sent to his room	The bad boy was sent to his room	 room	0.06086466075779053	1
The Vietnam vet had received the Purple Heart, and when he took off his shirt you could see all of his scars	The Vietnam vet had received the Purple Heart, and when he took off his shirt you could see all of his scars	 scars	1.0378278382649888	1
Trying to evade their captors, the escaped prisoners of war lived in constant fear	Trying to evade their captors, the escaped prisoners of war lived in constant fear	 fear	0.3237967870239211	1
The tip of the knife was sharp	The tip of the knife was sharp	 sharp	5.322142834109043	1
The little girl pulled on the rubber band to see how far it would stretch	The little girl pulled on the rubber band to see how far it would stretch	 stretch	0.18282372568785277	1
The soldiers had special night vision goggles so they could see the enemy	The soldiers had special night vision goggles so they could see the enemy	 enemy	0.6198869620343795	1
George was born into a wealthy family and has no idea what it's like to be poor	George was born into a wealthy family and has no idea what it's like to be poor	 poor	0.3779417666943019	1
Looking for bats, Karen descended into the depths of the cave	Looking for bats, Karen descended into the depths of the cave	 cave	1.5374251383943105	1
We finally got a decent picture on the TV after an hour of adjusting the antenna	We finally got a decent picture on the TV after an hour of adjusting the antenna	 antenna	0.9270064396437812	1
It took a week to get his car fixed because the parts were out of stock	It took a week to get his car fixed because the parts were out of stock	 stock	0.053385155473195764	1
The dispute was settled by a third party	The dispute was settled by a third party	 party	1.154313935683396	1
Our guests should be arriving soon	Our guests should be arriving soon	 soon	2.1211046387179957	1
The dough was put in the hot oven	The dough was put in the hot oven	 oven	1.4144735454423578	1
Andrew was glad that the meeting was very short	Andrew was glad that the meeting was very short	 short	1.8077932582626026	1
When they came to Florida, Arthur couldn't see the swamp from the back of the crowded tour bus	When they came to Florida, Arthur couldn't see the swamp from the back of the crowded tour bus	 bus	0.7874267043243026	1
Most shark attacks occur very close to shore	Most shark attacks occur very close to shore	 shore	0.36916377527971556	1
He didn't have to spend much money on the car because he found an incredible deal	He didn't have to spend much money on the car because he found an incredible deal	 deal	0.30157830236160327	1
The wealthy child went to a private school	The wealthy child went to a private school	 school	0.27263227103851284	1
When you go to bed, turn off the lights	When you go to bed, turn off the lights	 lights	0.7699464341308756	1
George must keep his pet on a leash	George must keep his pet on a leash	 leash	0.17747454429609594	1
He didn't have time to file everything on his desk, so he organized it into two piles	He didn't have time to file everything on his desk, so he organized it into two piles	 piles	0.5706819721613082	1
The whole town came to hear their mayor speak	The whole town came to hear their mayor speak	 speak	1.8627785500864995	1
Josie found she could not bend the elbow of her broken arm	Josie found she could not bend the elbow of her broken arm	 arm	0.1211930342588114	1
It's hard to admit when one is wrong	It's hard to admit when one is wrong	 wrong	0.5871978295738017	1
Vic asked her to repeat what she had said	Vic asked her to repeat what she had said	 said	0.5825354431562602	1
When they were in London they visited Buckingham palace	When they were in London they visited Buckingham palace	 palace	7.140159750778905	1
The agent was sent to South America on a secret mission	The agent was sent to South America on a secret mission	 mission	0.10814208886985059	1
Sam knew that rain was coming because he could smell it in the air	Sam knew that rain was coming because he could smell it in the air	 air	0.004000213053972373	1
His boss refused to give him a raise	His boss refused to give him a raise	 raise	1.0204757659528954	1
She flew in late last night and really didn't get much sleep	She flew in late last night and really didn't get much sleep	 sleep	0.19724541025984324	1
After a week, they gave up on the missing hikers and called off the search	After a week, they gave up on the missing hikers and called off the search	 search	0.061665164627043405	1
Henry was surprised to find he wouldn't be promoted for his day to day performance, but needed a major bonus	Henry was surprised to find he wouldn't be promoted for his day to day performance, but needed a major bonus	 bonus	12.398909266365752	1
The cigar burned a hole in the sofa	The cigar burned a hole in the sofa	 sofa	6.1413118589924895	1
His first film was a failure, but he learned some techniques in that first effort	His first film was a failure, but he learned some techniques in that first effort	 effort	6.3027341415005305	1
He was hired for the job because of his fresh new image	He was hired for the job because of his fresh new image	 image	13.98230314111741	1
The journal issue that has the new article about diseases of the eye is still in press	The journal issue that has the new article about diseases of the eye is still in press	 press	6.730295427634003	1
Every spring they held the annual dance	Every spring they held the annual dance	 dance	7.851145546900715	1
Penelope started to assemble her new bicycle, but was missing the tires	Penelope started to assemble her new bicycle, but was missing the tires	 tires	10.995661835979814	1
The restaurant will reopen with new ownership	The restaurant will reopen with new ownership	 ownership	5.568901393902691	1
Jennifer disliked walking under the trees at the edge of the park because they were always full of insects	Jennifer disliked walking under the trees at the edge of the park because they were always full of insects	 insects	9.768602094767402	1
The painting had a strong impact on everyone, but they couldn't agree on whether it was ugly or attractive	The painting had a strong impact on everyone, but they couldn't agree on whether it was ugly or attractive	 attractive	8.802626875104664	1
I don't know why people like to see their initials in ink	I don't know why people like to see their initials in ink	 ink	11.317170753927043	1
The gem cutter examined the ruby very closely before cutting because he knew that one this large was very unique	The gem cutter examined the ruby very closely before cutting because he knew that one this large was very unique	 unique	11.714458671592006	1
They couldn't decide whether to visit the Roman fort or the ruins of Aphrodite's shrine	They couldn't decide whether to visit the Roman fort or the ruins of Aphrodite's shrine	 shrine	8.233850126014355	1
He took a job training dogs for the military	He took a job training dogs for the military	 military	2.828293550031193	1
The conductor gave detailed instructions to the choir	The conductor gave detailed instructions to the choir	 choir	7.411912857886451	1
Down in the basement, Steve and Robert were playing poker	Down in the basement, Steve and Robert were playing poker	 poker	4.663450549403841	1
After the most recent price increase, the small business owner decided to order his office supplies from another business	After the most recent price increase, the small business owner decided to order his office supplies from another business	 business	7.425851023215487	1
Sharon was sad that she had lost her puppy	Sharon was sad that she had lost her puppy	 puppy	11.157243103481362	1
All of armed services will admit women, but females are barred from fighting	All of armed services will admit women, but females are barred from fighting	 fighting	7.9152540093546815	1
After the divorce, she had to move out of the expensive house to an apartment that was affordable	After the divorce, she had to move out of the expensive house to an apartment that was affordable	 affordable	7.626740969687624	1
His tactics usually turned out to be beneficial for the business, but they often came in conflict with his values	His tactics usually turned out to be beneficial for the business, but they often came in conflict with his values	 values	6.137800339262966	1
Some of his jokes were crummy, but those one-liners were humorous	Some of his jokes were crummy, but those one-liners were humorous	 humorous	12.98125311962058	1
The inspector from the health department found a roach in a very expensive cafe	The inspector from the health department found a roach in a very expensive cafe	 cafe	10.939529457328906	1
The conductor had no idea that the train had been boarded by a known convict	The conductor had no idea that the train had been boarded by a known convict	 convict	7.938104134759802	1
The nurse brought him a glass of juice and his pills	The nurse brought him a glass of juice and his pills	 pills	2.2202441893463156	1
The teacher was not looking forward to another year of classes	The teacher was not looking forward to another year of classes	 classes	7.5545099898839485	1
Steve skipped his annual checkup for another month	Steve skipped his annual checkup for another month	 month	5.094994683736695	1
The candidate wanted to please everyone without making any commitments, so his speech was deliberately ambiguous	The candidate wanted to please everyone without making any commitments, so his speech was deliberately ambiguous	 ambiguous	4.085892692677655	1
She poured water on the roses	She poured water on the roses	 roses	10.916633887029999	1
Mark liked the older houses, but Susan wanted to buy one that was new and contemporary	Mark liked the older houses, but Susan wanted to buy one that was new and contemporary	 contemporary	11.00634932084272	1
In an old sitcom, he was the wise family physician	In an old sitcom, he was the wise family physician	 physician	4.232988436351653	1
The government controlled the news media, so most of the reports from the war zone were screened	The government controlled the news media, so most of the reports from the war zone were screened	 screened	13.491328050192159	1
Grinning wherever he went, it was easy to tell that Carl was proud of his new gold trophy	Grinning wherever he went, it was easy to tell that Carl was proud of his new gold trophy	 trophy	7.858711472503648	1
During the summer, the children hung out at the lake	During the summer, the children hung out at the lake	 lake	5.500489083602745	1
The handsome knight charged into the dark forest after the kidnapped princess, determined to prove that he could be courageous	The handsome knight charged into the dark forest after the kidnapped princess, determined to prove that he could be courageous	 courageous	8.120777892298152	1
The little girl kept a lock on her journal	The little girl kept a lock on her journal	 journal	10.072818148607015	1
Flying low above her, Bernice could hear the jet	Flying low above her, Bernice could hear the jet	 jet	8.457556438827655	1
Perry heard a grinding noise coming from his engine	Perry heard a grinding noise coming from his engine	 engine	5.193233848389996	1
If Jim's manager is incompetent, he has a legitimate right to argue	If Jim's manager is incompetent, he has a legitimate right to argue	 argue	12.229317578919172	1
In the best part of the movie, the hero has to impersonate the criminal	In the best part of the movie, the hero has to impersonate the criminal	 criminal	10.38822475507029	1
The princess wore a hat	The princess wore a hat	 hat	10.012702633217716	1
Jason was disappointed when the other scouts scared off the elk by loudly beating the pans	Jason was disappointed when the other scouts scared off the elk by loudly beating the pans	 pans	7.366477341616214	1
After the flood, the house smelled of mildew and everything in it was destroyed	After the flood, the house smelled of mildew and everything in it was destroyed	 destroyed	6.580506172318664	1
Everyone on the scene gathered around to look at the crash	Everyone on the scene gathered around to look at the crash	 crash	11.16504346702844	1
The final score of the game was even	The final score of the game was even	 even	11.461073813475553	1
After swimming the English Channel, Bonita was cold and completely beat	After swimming the English Channel, Bonita was cold and completely beat	 beat	19.487155655871323	1
She had the data to back up everything she said, so the hostile questions did not shake her composure	She had the data to back up everything she said, so the hostile questions did not shake her composure	 composure	5.373207169350812	1
The new dress was very pretty, but it was cut from an unusual material	The new dress was very pretty, but it was cut from an unusual material	 material	2.367008113160909	1
When the little girl saw the big dog lumbering towards her, she began to flee	When the little girl saw the big dog lumbering towards her, she began to flee	 flee	13.659778565861396	1
From her house a half mile away, Diana could still hear the loud cheers coming from the stands	From her house a half mile away, Diana could still hear the loud cheers coming from the stands	 stands	6.1249733376544215	1
Five ships did not survive the tsunami	Five ships did not survive the tsunami	 tsunami	11.943335026353834	1
The paramedics on the scene helped the passengers after the big car wreck	The paramedics on the scene helped the passengers after the big car wreck	 wreck	5.264636576970696	1
The pilot spoke to an air traffic controller just before the collision	The pilot spoke to an air traffic controller just before the collision	 collision	7.9338878585028025	1
The boy scouts started a long hike through the forest after having a big dinner	The boy scouts started a long hike through the forest after having a big dinner	 dinner	4.6026891394447365	1
When traveling, Roger prefers to stick to major streets	When traveling, Roger prefers to stick to major streets	 streets	8.804662517807358	1
While hemming a pair of pants, Bridget accidentally dropped her pin	While hemming a pair of pants, Bridget accidentally dropped her pin	 pin	6.725771568794286	1
The rangers say that somewhere in the state park is a cub	The rangers say that somewhere in the state park is a cub	 cub	16.86280825748689	1
The doctor told him his headaches were due to tension	The doctor told him his headaches were due to tension	 tension	5.964290292085331	1
The groups in the parade walked by slowly, each waving their arms	The groups in the parade walked by slowly, each waving their arms	 arms	8.691546570431418	1
The little girl was very sick, but unfortunately there was no remedy	The little girl was very sick, but unfortunately there was no remedy	 remedy	13.782306655684096	1
The meteor shower should have been spectacular, but the city lights blocked the sight	The meteor shower should have been spectacular, but the city lights blocked the sight	 sight	8.209409429326655	1
She was unsure how the book would conclude	She was unsure how the book would conclude	 conclude	10.730152568739731	1
He was desperate for a job, so finally took something doing door to door solicitation	He was desperate for a job, so finally took something doing door to door solicitation	 solicitation	13.346507436597644	1
The young doctor wanted to work in the barrio so she set to work learning the Spanish translations of common medical words	The young doctor wanted to work in the barrio so she set to work learning the Spanish translations of common medical words	 words	7.4922861199618955	1
Even though she was blindfolded, Jessie could tell from their voices that one of the kidnapers was old and two were older	Even though she was blindfolded, Jessie could tell from their voices that one of the kidnapers was old and two were older	 older	12.667915626384948	1
In the window, they posted the hours they were open for service	In the window, they posted the hours they were open for service	 service	7.19905892997923	1
They sent the kids with measles home from school because they were infectious	They sent the kids with measles home from school because they were infectious	 infectious	5.237169538895724	1
Outside, Cora could hear the running river	Outside, Cora could hear the running river	 river	7.842698567436309	1
At night they often took a short stroll	At night they often took a short stroll	 stroll	2.747780779345294	1
The wealthy author always points out that she wrote four novels before one was printed	The wealthy author always points out that she wrote four novels before one was printed	 printed	9.992072382672012	1
The kitten waited patiently because behind the refrigerator was a rat	The kitten waited patiently because behind the refrigerator was a rat	 rat	7.697229606690418	1
Norton hates getting up on winter mornings because it is always chilly	Norton hates getting up on winter mornings because it is always chilly	 chilly	8.689839862198047	1
The fertilizer enriched the dirt	The fertilizer enriched the dirt	 dirt	6.326424492497464	1
The young girl passed her friend a letter	The young girl passed her friend a letter	 letter	6.613241932682963	1
He tinkered with the engine every weekend until it was absolutely correct	He tinkered with the engine every weekend until it was absolutely correct	 correct	10.333038207288189	1
When Diane heard the shark warning, she swam as fast as she could for land	When Diane heard the shark warning, she swam as fast as she could for land	 land	7.692084956174608	1
Michael could hear the bells ringing in the tower of the cathedral	Michael could hear the bells ringing in the tower of the cathedral	 cathedral	4.281707959343465	1
When he got home from work on the construction site, his clothes were always filthy	When he got home from work on the construction site, his clothes were always filthy	 filthy	3.0446203334408417	1
Kevin propped his head up with a pillow as he basked in the hot lamp	Kevin propped his head up with a pillow as he basked in the hot lamp	 lamp	15.405512421436606	1
He bought it without even asking the cost	He bought it without even asking the cost	 cost	7.743296302041044	1
Barry has considered proposing to his girlfriend, but he wants to wait until he is prepared	Barry has considered proposing to his girlfriend, but he wants to wait until he is prepared	 prepared	9.838651431130245	1
John was disappointed to discover a scratch on his new truck	John was disappointed to discover a scratch on his new truck	 truck	10.46908968761567	1
He was afraid that doing drugs would damage his mind	He was afraid that doing drugs would damage his mind	 mind	5.8980123048288755	1
They've been living together for a long time, but don't think they're actually engaged	They've been living together for a long time, but don't think they're actually engaged	 engaged	7.527702840520679	1
Dennis the Menance was known for making mischief	Dennis the Menance was known for making mischief	 mischief	1.3788354433295502	1
When the shooting started they ran for shelter	When the shooting started they ran for shelter	 shelter	6.377043900588623	1
The federal agents examined the hundred dollar bill with a microscope to see if it was genuine	The federal agents examined the hundred dollar bill with a microscope to see if it was genuine	 genuine	2.558166071695721	1
Eva turned down the heat and left the sauce on the stove to cook	Eva turned down the heat and left the sauce on the stove to cook	 cook	6.354331552559907	1
Alone in the canyon, he was so spooked he was scared by his own reflection	Alone in the canyon, he was so spooked he was scared by his own reflection	 reflection	4.5474847022441285	1
Betsy could never tell a fib	Betsy could never tell a fib	 fib	6.925954738965892	1
The bad boy was sent to his bedroom	The bad boy was sent to his bedroom	 bedroom	6.949959741751244	1
The Vietnam vet had received the Purple Heart, and when he took off his shirt you could see all of his wounds	The Vietnam vet had received the Purple Heart, and when he took off his shirt you could see all of his wounds	 wounds	3.8319355174384837	1
Trying to evade their captors, the escaped prisoners of war lived in constant terror	Trying to evade their captors, the escaped prisoners of war lived in constant terror	 terror	4.972206187459114	1
The tip of the knife was pointed	The tip of the knife was pointed	 pointed	6.433171951154407	1
The little girl pulled on the rubber band to see how far it would extend	The little girl pulled on the rubber band to see how far it would extend	 extend	9.263366684710485	1
The soldiers had special night vision goggles so they could see the invaders	The soldiers had special night vision goggles so they could see the invaders	 invaders	11.752098585208797	1
George was born into a wealthy family and has no idea what it's like to be needy	George was born into a wealthy family and has no idea what it's like to be needy	 needy	9.149877367857963	1
Looking for bats, Karen descended into the depths of the cavern	Looking for bats, Karen descended into the depths of the cavern	 cavern	4.9244023430097545	1
We finally got a decent picture on the TV after an hour of adjusting the wires	We finally got a decent picture on the TV after an hour of adjusting the wires	 wires	6.53574251912897	1
It took a week to get his car fixed because the parts were out of supply	It took a week to get his car fixed because the parts were out of supply	 supply	13.157509336808547	1
The dispute was settled by a third person	The dispute was settled by a third person	 person	5.6649733420655695	1
Our guests should be arriving shortly	Our guests should be arriving shortly	 shortly	2.7524238047953875	1
The dough was put in the hot stove	The dough was put in the hot stove	 stove	7.1523463400587985	1
Andrew was glad that the meeting was very brief	Andrew was glad that the meeting was very brief	 brief	2.541946284159519	1
When they came to Florida, Arthur couldn't see the swamp from the back of the crowded tour van	When they came to Florida, Arthur couldn't see the swamp from the back of the crowded tour van	 van	4.818075718496237	1
Most shark attacks occur very close to land	Most shark attacks occur very close to land	 land	6.984851321315142	1
He didn't have to spend much money on the car because he found an incredible bargain	He didn't have to spend much money on the car because he found an incredible bargain	 bargain	2.953500436005815	1
The wealthy child went to a private college	The wealthy child went to a private college	 college	4.605956410903838	1
When you go to bed, turn off the lamp	When you go to bed, turn off the lamp	 lamp	6.6133245991088065	1
George must keep his pet on a chain	George must keep his pet on a chain	 chain	9.17434302316987	1
He didn't have time to file everything on his desk, so he organized it into two stacks	He didn't have time to file everything on his desk, so he organized it into two stacks	 stacks	3.095778299590765	1
The whole town came to hear their mayor talk	The whole town came to hear their mayor talk	 talk	5.442095280475244	1
Josie found she could not bend the elbow of her broken limb	Josie found she could not bend the elbow of her broken limb	 limb	9.046218719283562	1
It's hard to admit when one is incorrect	It's hard to admit when one is incorrect	 incorrect	11.220133065703793	1
Vic asked her to repeat what she had uttered	Vic asked her to repeat what she had uttered	 uttered	15.40902177712357	1
When they were in London they visited Buckingham castle	When they were in London they visited Buckingham castle	 castle	16.94941324079145	1
The agent was sent to South America on a secret assignment	The agent was sent to South America on a secret assignment	 assignment	5.539847679821749	1
Sam knew that rain was coming because he could smell it in the wind	Sam knew that rain was coming because he could smell it in the wind	 wind	9.592296537409037	1
His boss refused to give him a bonus	His boss refused to give him a bonus	 bonus	7.71141706972252	1
She flew in late last night and really didn't get much rest	She flew in late last night and really didn't get much rest	 rest	3.3546436676285443	1
After a week, they gave up on the missing hikers and called off the hunt	After a week, they gave up on the missing hikers and called off the hunt	 hunt	10.076579110309108	1
Henry was surprised to find he wouldn't be promoted for his day to day performance, but needed a major project	Henry was surprised to find he wouldn't be promoted for his day to day performance, but needed a major project	 project	3.028153412244135	1
The cigar burned a hole in the jacket	The cigar burned a hole in the jacket	 jacket	7.162950581417844	1
His first film was a failure, but he learned some techniques in that first role	His first film was a failure, but he learned some techniques in that first role	 role	15.385590966964491	1
He was hired for the job because of his fresh new ideas	He was hired for the job because of his fresh new ideas	 ideas	0.2977431428535569	1
The journal issue that has the new article about diseases of the eye is still in stores	The journal issue that has the new article about diseases of the eye is still in stores	 stores	17.85050613638029	1
Every spring they held the annual meeting	Every spring they held the annual meeting	 meeting	5.989477439187187	1
Penelope started to assemble her new bicycle, but was missing the instructions	Penelope started to assemble her new bicycle, but was missing the instructions	 instructions	5.177534296685538	1
The restaurant will reopen with new menus	The restaurant will reopen with new menus	 menus	4.625034898663562	1
Jennifer disliked walking under the trees at the edge of the park because they were always full of sap	Jennifer disliked walking under the trees at the edge of the park because they were always full of sap	 sap	12.270558459358023	1
The painting had a strong impact on everyone, but they couldn't agree on whether it was ugly or abstract	The painting had a strong impact on everyone, but they couldn't agree on whether it was ugly or abstract	 abstract	15.51239953297351	1
I don't know why people like to see their initials in cement	I don't know why people like to see their initials in cement	 cement	12.941320763583816	1
The gem cutter examined the ruby very closely before cutting because he knew that one this large was very fragile	The gem cutter examined the ruby very closely before cutting because he knew that one this large was very fragile	 fragile	7.2040855680406946	1
They couldn't decide whether to visit the Roman fort or the ruins of Aphrodite's statue	They couldn't decide whether to visit the Roman fort or the ruins of Aphrodite's statue	 statue	13.833119096371725	1
He took a job training dogs for the disabled	He took a job training dogs for the disabled	 disabled	2.819844550793731	1
The conductor gave detailed instructions to the engineer	The conductor gave detailed instructions to the engineer	 engineer	9.916342723124677	1
Down in the basement, Steve and Robert were playing music	Down in the basement, Steve and Robert were playing music	 music	9.871608068105303	1
After the most recent price increase, the small business owner decided to order his office supplies from another country	After the most recent price increase, the small business owner decided to order his office supplies from another country	 country	8.509004675219805	1
Sharon was sad that she had lost her keys	Sharon was sad that she had lost her keys	 keys	4.95786868414276	1
All of armed services will admit women, but females are barred from ships	All of armed services will admit women, but females are barred from ships	 ships	14.740632706240039	1
After the divorce, she had to move out of the expensive house to an apartment that was ugly	After the divorce, she had to move out of the expensive house to an apartment that was ugly	 ugly	13.352774503855265	1
His tactics usually turned out to be beneficial for the business, but they often came in conflict with his marriage	His tactics usually turned out to be beneficial for the business, but they often came in conflict with his marriage	 marriage	11.741643374247474	1
Some of his jokes were crummy, but those one-liners were terrible	Some of his jokes were crummy, but those one-liners were terrible	 terrible	11.270749155596357	1
The inspector from the health department found a roach in a very expensive meal	The inspector from the health department found a roach in a very expensive meal	 meal	8.498428854953064	1
The conductor had no idea that the train had been boarded by a known politician	The conductor had no idea that the train had been boarded by a known politician	 politician	13.443755181218846	1
The nurse brought him a glass of juice and his pillow	The nurse brought him a glass of juice and his pillow	 pillow	11.631321927165736	1
The teacher was not looking forward to another year of chaos	The teacher was not looking forward to another year of chaos	 chaos	9.275482581933375	1
Steve skipped his annual checkup for another event	Steve skipped his annual checkup for another event	 event	14.818523811497636	1
The candidate wanted to please everyone without making any commitments, so his speech was deliberately short	The candidate wanted to please everyone without making any commitments, so his speech was deliberately short	 short	11.435287082314703	1
She poured water on the dishes	She poured water on the dishes	 dishes	8.336649938230915	1
Mark liked the older houses, but Susan wanted to buy one that was new and expensive	Mark liked the older houses, but Susan wanted to buy one that was new and expensive	 expensive	11.184680854847004	1
In an old sitcom, he was the wise family neighbor	In an old sitcom, he was the wise family neighbor	 neighbor	5.7937204574010295	1
The government controlled the news media, so most of the reports from the war zone were wrong	The government controlled the news media, so most of the reports from the war zone were wrong	 wrong	11.420775589976419	1
Grinning wherever he went, it was easy to tell that Carl was proud of his new gold tooth	Grinning wherever he went, it was easy to tell that Carl was proud of his new gold tooth	 tooth	1.291979142548863	1
During the summer, the children hung out at the theatre	During the summer, the children hung out at the theatre	 theatre	11.959949102444712	1
The handsome knight charged into the dark forest after the kidnapped princess, determined to prove that he could be king	The handsome knight charged into the dark forest after the kidnapped princess, determined to prove that he could be king	 king	14.055734876003616	1
The little girl kept a lock on her bicycle	The little girl kept a lock on her bicycle	 bicycle	10.441086976872015	1
Flying low above her, Bernice could hear the bees	Flying low above her, Bernice could hear the bees	 bees	14.7281375244909	1
Perry heard a grinding noise coming from his jaw	Perry heard a grinding noise coming from his jaw	 jaw	8.408883659155167	1
If Jim's manager is incompetent, he has a legitimate right to leave	If Jim's manager is incompetent, he has a legitimate right to leave	 leave	5.845289591637605	1
In the best part of the movie, the hero has to impersonate the princess	In the best part of the movie, the hero has to impersonate the princess	 princess	6.5748685529073825	1
The princess wore a gown	The princess wore a gown	 gown	5.6790790042888535	1
Jason was disappointed when the other scouts scared off the elk by loudly beating the bushes	Jason was disappointed when the other scouts scared off the elk by loudly beating the bushes	 bushes	0.9315702611361293	1
After the flood, the house smelled of mildew and everything in it was damp	After the flood, the house smelled of mildew and everything in it was damp	 damp	2.794985472544173	1
Everyone on the scene gathered around to look at the celebrity	Everyone on the scene gathered around to look at the celebrity	 celebrity	13.407563733423105	1
The final score of the game was posted	The final score of the game was posted	 posted	12.350909359660333	1
After swimming the English Channel, Bonita was cold and completely blue	After swimming the English Channel, Bonita was cold and completely blue	 blue	15.606115560134615	1
She had the data to back up everything she said, so the hostile questions did not shake her opinion	She had the data to back up everything she said, so the hostile questions did not shake her opinion	 opinion	10.838258036238665	1
The new dress was very pretty, but it was cut from an unusual pattern	The new dress was very pretty, but it was cut from an unusual pattern	 pattern	2.6704966158914014	1
When the little girl saw the big dog lumbering towards her, she began to smile	When the little girl saw the big dog lumbering towards her, she began to smile	 smile	13.128798984147336	1
From her house a half mile away, Diana could still hear the loud cheers coming from the parade	From her house a half mile away, Diana could still hear the loud cheers coming from the parade	 parade	9.298896656829976	1
Five ships did not survive the battle	Five ships did not survive the battle	 battle	4.152023669309444	1
The paramedics on the scene helped the passengers after the big car exploded	The paramedics on the scene helped the passengers after the big car exploded	 exploded	11.508713046420747	1
The pilot spoke to an air traffic controller just before the takeoff	The pilot spoke to an air traffic controller just before the takeoff	 takeoff	11.92236256854443	1
The boy scouts started a long hike through the forest after having a big meeting	The boy scouts started a long hike through the forest after having a big meeting	 meeting	9.962783076490892	1
When traveling, Roger prefers to stick to major airlines	When traveling, Roger prefers to stick to major airlines	 airlines	4.182172677465429	1
While hemming a pair of pants, Bridget accidentally dropped her glasses	While hemming a pair of pants, Bridget accidentally dropped her glasses	 glasses	10.320273674374915	1
The rangers say that somewhere in the state park is a mine	The rangers say that somewhere in the state park is a mine	 mine	9.694573084134266	1
The doctor told him his headaches were due to tumors	The doctor told him his headaches were due to tumors	 tumors	13.21652277745611	1
The groups in the parade walked by slowly, each waving their banners	The groups in the parade walked by slowly, each waving their banners	 banners	5.139450032996151	1
The little girl was very sick, but unfortunately there was no hospital	The little girl was very sick, but unfortunately there was no hospital	 hospital	8.939654050088299	1
The meteor shower should have been spectacular, but the city lights blocked the sky	The meteor shower should have been spectacular, but the city lights blocked the sky	 sky	4.436265610307949	1
She was unsure how the book would sell	She was unsure how the book would sell	 sell	4.8315588578093775	1
He was desperate for a job, so finally took something doing door to door delivery	He was desperate for a job, so finally took something doing door to door delivery	 delivery	12.496327249001778	1
The young doctor wanted to work in the barrio so she set to work learning the Spanish translations of common medical procedures	The young doctor wanted to work in the barrio so she set to work learning the Spanish translations of common medical procedures	 procedures	5.2044158891129175	1
Even though she was blindfolded, Jessie could tell from their voices that one of the kidnapers was old and two were female	Even though she was blindfolded, Jessie could tell from their voices that one of the kidnapers was old and two were female	 female	7.932295123177662	1
In the window, they posted the hours they were open for today	In the window, they posted the hours they were open for today	 today	10.856640135102152	1
They sent the kids with measles home from school because they were scratching	They sent the kids with measles home from school because they were scratching	 scratching	15.130496515224586	1
Outside, Cora could hear the running horses	Outside, Cora could hear the running horses	 horses	8.530207098618725	1
At night they often took a short swim	At night they often took a short swim	 swim	8.002981409401057	1
The wealthy author always points out that she wrote four novels before one was banned	The wealthy author always points out that she wrote four novels before one was banned	 banned	15.857008883915451	1
The kitten waited patiently because behind the refrigerator was a ball	The kitten waited patiently because behind the refrigerator was a ball	 ball	8.57524284409313	1
Norton hates getting up on winter mornings because it is always dark	Norton hates getting up on winter mornings because it is always dark	 dark	4.778488022304741	1
The fertilizer enriched the plants	The fertilizer enriched the plants	 plants	4.854055667198984	1
The young girl passed her friend a doll	The young girl passed her friend a doll	 doll	11.787330640802347	1
He tinkered with the engine every weekend until it was absolutely ruined	He tinkered with the engine every weekend until it was absolutely ruined	 ruined	15.021656715949842	1
When Diane heard the shark warning, she swam as fast as she could for safety	When Diane heard the shark warning, she swam as fast as she could for safety	 safety	7.702335304440124	1
Michael could hear the bells ringing in the tower of the castle	Michael could hear the bells ringing in the tower of the castle	 castle	5.836942590939534	1
When he got home from work on the construction site, his clothes were always torn	When he got home from work on the construction site, his clothes were always torn	 torn	9.698865967497936	1
Kevin propped his head up with a pillow as he basked in the hot tub	Kevin propped his head up with a pillow as he basked in the hot tub	 tub	7.377559692111811	1
He bought it without even asking the boss	He bought it without even asking the boss	 boss	13.370971216405998	1
Barry has considered proposing to his girlfriend, but he wants to wait until he is older	Barry has considered proposing to his girlfriend, but he wants to wait until he is older	 older	7.823569296811146	1
John was disappointed to discover a scratch on his new watch	John was disappointed to discover a scratch on his new watch	 watch	6.776419830786263	1
He was afraid that doing drugs would damage his reputation	He was afraid that doing drugs would damage his reputation	 reputation	5.53774062371453	1
They've been living together for a long time, but don't think they're actually happy	They've been living together for a long time, but don't think they're actually happy	 happy	10.168209866058113	1
Dennis the Menance was known for making jokes	Dennis the Menance was known for making jokes	 jokes	10.906875497773425	1
When the shooting started they ran for help	When the shooting started they ran for help	 help	10.275018927793303	1
The federal agents examined the hundred dollar bill with a microscope to see if it was contaminated	The federal agents examined the hundred dollar bill with a microscope to see if it was contaminated	 contaminated	16.539361800099744	1
Eva turned down the heat and left the sauce on the stove to cool	Eva turned down the heat and left the sauce on the stove to cool	 cool	5.404251081240661	1
Alone in the canyon, he was so spooked he was scared by his own horse	Alone in the canyon, he was so spooked he was scared by his own horse	 horse	7.797773188132532	1
Betsy could never tell a joke	Betsy could never tell a joke	 joke	5.666320674964256	1
The bad boy was sent to his principal	The bad boy was sent to his principal	 principal	12.90025444924491	1
The Vietnam vet had received the Purple Heart, and when he took off his shirt you could see all of his tattoos	The Vietnam vet had received the Purple Heart, and when he took off his shirt you could see all of his tattoos	 tattoos	7.080491326582779	1
Trying to evade their captors, the escaped prisoners of war lived in constant hiding	Trying to evade their captors, the escaped prisoners of war lived in constant hiding	 hiding	6.176126110102197	1
The tip of the knife was broken	The tip of the knife was broken	 broken	6.22856562225694	1
The little girl pulled on the rubber band to see how far it would fly	The little girl pulled on the rubber band to see how far it would fly	 fly	7.923902533316298	1
The soldiers had special night vision goggles so they could see the camp	The soldiers had special night vision goggles so they could see the camp	 camp	10.735157710645089	1
George was born into a wealthy family and has no idea what it's like to be hungry	George was born into a wealthy family and has no idea what it's like to be hungry	 hungry	4.8344230402740545	1
Looking for bats, Karen descended into the depths of the castle	Looking for bats, Karen descended into the depths of the castle	 castle	8.665176701935042	1
We finally got a decent picture on the TV after an hour of adjusting the contrast	We finally got a decent picture on the TV after an hour of adjusting the contrast	 contrast	13.039992448210375	1
It took a week to get his car fixed because the parts were out of state	It took a week to get his car fixed because the parts were out of state	 state	10.431015522791569	1
The dispute was settled by a third vote	The dispute was settled by a third vote	 vote	10.555625133019262	1
Our guests should be arriving separately	Our guests should be arriving separately	 separately	16.100759424548844	1
The dough was put in the hot grease	The dough was put in the hot grease	 grease	12.002902461897097	1
Andrew was glad that the meeting was very productive	Andrew was glad that the meeting was very productive	 productive	5.583400190524618	1
When they came to Florida, Arthur couldn't see the swamp from the back of the crowded tour group	When they came to Florida, Arthur couldn't see the swamp from the back of the crowded tour group	 group	12.195313256805418	1
Most shark attacks occur very close to dusk	Most shark attacks occur very close to dusk	 dusk	16.55066531574511	1
He didn't have to spend much money on the car because he found an incredible mechanic	He didn't have to spend much money on the car because he found an incredible mechanic	 mechanic	14.473738451760704	1
The wealthy child went to a private hospital	The wealthy child went to a private hospital	 hospital	10.159852333686242	1
When you go to bed, turn off the stereo	When you go to bed, turn off the stereo	 stereo	12.985842332545648	1
George must keep his pet on a diet	George must keep his pet on a diet	 diet	11.160122722782976	1
He didn't have time to file everything on his desk, so he organized it into two boxes	He didn't have time to file everything on his desk, so he organized it into two boxes	 boxes	11.656358456905325	1
The whole town came to hear their mayor resign	The whole town came to hear their mayor resign	 resign	11.87667818737964	1
Josie found she could not bend the elbow of her broken doll	Josie found she could not bend the elbow of her broken doll	 doll	18.96555503461808	1
It's hard to admit when one is lonely	It's hard to admit when one is lonely	 lonely	9.51692004960771	1
Vic asked her to repeat what she had heard	Vic asked her to repeat what she had heard	 heard	7.835467635621869	1
When they were in London they visited Buckingham twice	When they were in London they visited Buckingham twice	 twice	24.766439915592166	1
The agent was sent to South America on a secret jet	The agent was sent to South America on a secret jet	 jet	18.509560970349266	1
Sam knew that rain was coming because he could smell it in the morning	Sam knew that rain was coming because he could smell it in the morning	 morning	17.518208744917292	1
His boss refused to give him a vacation	His boss refused to give him a vacation	 vacation	6.569311868687895	1
She flew in late last night and really didn't get much dinner	She flew in late last night and really didn't get much dinner	 dinner	16.769015767488614	1
After a week, they gave up on the missing hikers and called off the helicopters	After a week, they gave up on the missing hikers and called off the helicopters	 helicopters	14.80549916066849	1
Henry was surprised to find he wouldn't be promoted for his day to day performance, but needed a major pillow	Henry was surprised to find he wouldn't be promoted for his day to day performance, but needed a major pillow	 pillow	20.181040033517444	1
The cigar burned a hole in the chaos	The cigar burned a hole in the chaos	 chaos	17.547642609141512	1
His first film was a failure, but he learned some techniques in that first umbrella	His first film was a failure, but he learned some techniques in that first umbrella	 umbrella	22.731733521979375	1
He was hired for the job because of his fresh new autumn	He was hired for the job because of his fresh new autumn	 autumn	22.150587105608484	1
The journal issue that has the new article about diseases of the eye is still in treason	The journal issue that has the new article about diseases of the eye is still in treason	 treason	32.980823757419806	1
Every spring they held the annual disorder	Every spring they held the annual disorder	 disorder	17.750237388343468	1
Penelope started to assemble her new bicycle, but was missing the king	Penelope started to assemble her new bicycle, but was missing the king	 king	14.536738058806243	1
The restaurant will reopen with new treason	The restaurant will reopen with new treason	 treason	22.532503107612772	1
Jennifer disliked walking under the trees at the edge of the park because they were always full of weekends	Jennifer disliked walking under the trees at the edge of the park because they were always full of weekends	 weekends	21.58839770207487	1
The painting had a strong impact on everyone, but they couldn't agree on whether it was ugly or allergic	The painting had a strong impact on everyone, but they couldn't agree on whether it was ugly or allergic	 allergic	22.878097819267644	1
I don't know why people like to see their initials in dusk	I don't know why people like to see their initials in dusk	 dusk	22.49482712661996	1
The gem cutter examined the ruby very closely before cutting because he knew that one this large was very disqualified	The gem cutter examined the ruby very closely before cutting because he knew that one this large was very disqualified	 disqualified	25.00759216245692	1
They couldn't decide whether to visit the Roman fort or the ruins of Aphrodite's bicycle	They couldn't decide whether to visit the Roman fort or the ruins of Aphrodite's bicycle	 bicycle	23.244002791708148	1
He took a job training dogs for the blankets	He took a job training dogs for the blankets	 blankets	20.306267405761645	1
The conductor gave detailed instructions to the dishes	The conductor gave detailed instructions to the dishes	 dishes	18.830665933685044	1
Down in the basement, Steve and Robert were playing banners	Down in the basement, Steve and Robert were playing banners	 banners	20.45527183497474	1
After the most recent price increase, the small business owner decided to order his office supplies from another gown	After the most recent price increase, the small business owner decided to order his office supplies from another gown	 gown	23.374242086524397	1
Sharon was sad that she had lost her takeoff	Sharon was sad that she had lost her takeoff	 takeoff	23.224944790218004	1
All of armed services will admit women, but females are barred from metal	All of armed services will admit women, but females are barred from metal	 metal	19.54114418969147	1
After the divorce, she had to move out of the expensive house to an apartment that was fired	After the divorce, she had to move out of the expensive house to an apartment that was fired	 fired	21.651437704581557	1
His tactics usually turned out to be beneficial for the business, but they often came in conflict with his ditch	His tactics usually turned out to be beneficial for the business, but they often came in conflict with his ditch	 ditch	20.661134318444308	1
Some of his jokes were crummy, but those one-liners were torn	Some of his jokes were crummy, but those one-liners were torn	 torn	17.26668929148871	1
The inspector from the health department found a roach in a very expensive speech	The inspector from the health department found a roach in a very expensive speech	 speech	15.962195779346667	1
The conductor had no idea that the train had been boarded by a known bottle	The conductor had no idea that the train had been boarded by a known bottle	 bottle	18.628392875477207	1
The nurse brought him a glass of juice and his taxis	The nurse brought him a glass of juice and his taxis	 taxis	21.517982642519165	1
The teacher was not looking forward to another year of cargo	The teacher was not looking forward to another year of cargo	 cargo	23.56254552865131	1
Steve skipped his annual checkup for another forest	Steve skipped his annual checkup for another forest	 forest	20.1061216013916	1
The candidate wanted to please everyone without making any commitments, so his speech was deliberately endangered	The candidate wanted to please everyone without making any commitments, so his speech was deliberately endangered	 endangered	28.8938144187805	1
She poured water on the takeoff	She poured water on the takeoff	 takeoff	19.91575871209382	1
Mark liked the older houses, but Susan wanted to buy one that was new and embarrassed	Mark liked the older houses, but Susan wanted to buy one that was new and embarrassed	 embarrassed	21.364792954992453	1
In an old sitcom, he was the wise family highway	In an old sitcom, he was the wise family highway	 highway	20.93144848151807	1
The government controlled the news media, so most of the reports from the war zone were hungry	The government controlled the news media, so most of the reports from the war zone were hungry	 hungry	19.712697942393657	1
Grinning wherever he went, it was easy to tell that Carl was proud of his new gold pedestrians	Grinning wherever he went, it was easy to tell that Carl was proud of his new gold pedestrians	 pedestrians	23.811977402355723	1
During the summer, the children hung out at the gown	During the summer, the children hung out at the gown	 gown	21.175355554563403	1
The handsome knight charged into the dark forest after the kidnapped princess, determined to prove that he could be chilly	The handsome knight charged into the dark forest after the kidnapped princess, determined to prove that he could be chilly	 chilly	23.726046157635253	1
The little girl kept a lock on her cement	The little girl kept a lock on her cement	 cement	18.989570136268718	1
Flying low above her, Bernice could hear the arena	Flying low above her, Bernice could hear the arena	 arena	16.767394178262656	1
Perry heard a grinding noise coming from his cure	Perry heard a grinding noise coming from his cure	 cure	19.148428172611087	1
If Jim's manager is incompetent, he has a legitimate right to water	If Jim's manager is incompetent, he has a legitimate right to water	 water	17.624626259218385	1
In the best part of the movie, the hero has to impersonate the business	In the best part of the movie, the hero has to impersonate the business	 business	14.677712447421749	1
The princess wore a sound	The princess wore a sound	 sound	15.54445477408702	1
Jason was disappointed when the other scouts scared off the elk by loudly beating the diamond	Jason was disappointed when the other scouts scared off the elk by loudly beating the diamond	 diamond	19.474664802207307	1
After the flood, the house smelled of mildew and everything in it was young	After the flood, the house smelled of mildew and everything in it was young	 young	19.172391337240253	1
Everyone on the scene gathered around to look at the temper	Everyone on the scene gathered around to look at the temper	 temper	18.443032531233712	1
The final score of the game was bugs	The final score of the game was bugs	 bugs	19.50818582148236	1
After swimming the English Channel, Bonita was cold and completely affordable	After swimming the English Channel, Bonita was cold and completely affordable	 affordable	32.10796728917125	1
She had the data to back up everything she said, so the hostile questions did not shake her music	She had the data to back up everything she said, so the hostile questions did not shake her music	 music	19.513963815121123	1
The new dress was very pretty, but it was cut from an unusual porch	The new dress was very pretty, but it was cut from an unusual porch	 porch	22.486967324037195	1
When the little girl saw the big dog lumbering towards her, she began to attend	When the little girl saw the big dog lumbering towards her, she began to attend	 attend	21.277326682748477	1
From her house a half mile away, Diana could still hear the loud cheers coming from the mistakes	From her house a half mile away, Diana could still hear the loud cheers coming from the mistakes	 mistakes	19.370502220255123	1
Five ships did not survive the eyes	Five ships did not survive the eyes	 eyes	19.004525113062577	1
The paramedics on the scene helped the passengers after the big car rest	The paramedics on the scene helped the passengers after the big car rest	 rest	17.213022478662683	1
The pilot spoke to an air traffic controller just before the fortune	The pilot spoke to an air traffic controller just before the fortune	 fortune	19.424509509110802	1
The boy scouts started a long hike through the forest after having a big end	The boy scouts started a long hike through the forest after having a big end	 end	17.657182115511088	1
When traveling, Roger prefers to stick to major plants	When traveling, Roger prefers to stick to major plants	 plants	18.220742079333544	1
While hemming a pair of pants, Bridget accidentally dropped her horse	While hemming a pair of pants, Bridget accidentally dropped her horse	 horse	19.3678058232237	1
The rangers say that somewhere in the state park is a contrast	The rangers say that somewhere in the state park is a contrast	 contrast	20.33295437862801	1
The doctor told him his headaches were due to safety	The doctor told him his headaches were due to safety	 safety	18.54898549773164	1
The groups in the parade walked by slowly, each waving their jokes	The groups in the parade walked by slowly, each waving their jokes	 jokes	18.75611899553223	1
The little girl was very sick, but unfortunately there was no joke	The little girl was very sick, but unfortunately there was no joke	 joke	31.244380136560398	1
The meteor shower should have been spectacular, but the city lights blocked the doll	The meteor shower should have been spectacular, but the city lights blocked the doll	 doll	24.509921523846906	1
She was unsure how the book would camp	She was unsure how the book would camp	 camp	20.542253361684974	1
He was desperate for a job, so finally took something doing door to door hiding	He was desperate for a job, so finally took something doing door to door hiding	 hiding	22.1934250494576	1
The young doctor wanted to work in the barrio so she set to work learning the Spanish translations of common medical pedestrians	The young doctor wanted to work in the barrio so she set to work learning the Spanish translations of common medical pedestrians	 pedestrians	25.25749579743971	1
Even though she was blindfolded, Jessie could tell from their voices that one of the kidnapers was old and two were bullets	Even though she was blindfolded, Jessie could tell from their voices that one of the kidnapers was old and two were bullets	 bullets	21.16508068048219	1
In the window, they posted the hours they were open for texture	In the window, they posted the hours they were open for texture	 texture	21.85189008164779	1
They sent the kids with measles home from school because they were hard	They sent the kids with measles home from school because they were hard	 hard	16.475712980285806	1
Outside, Cora could hear the running chapel	Outside, Cora could hear the running chapel	 chapel	20.453798843337992	1
At night they often took a short reputation	At night they often took a short reputation	 reputation	21.561817488641534	1
The wealthy author always points out that she wrote four novels before one was hungry	The wealthy author always points out that she wrote four novels before one was hungry	 hungry	23.092411610286742	1
The kitten waited patiently because behind the refrigerator was a savior	The kitten waited patiently because behind the refrigerator was a savior	 savior	19.170312413686332	1
Norton hates getting up on winter mornings because it is always broken	Norton hates getting up on winter mornings because it is always broken	 broken	21.28091466531517	1
The fertilizer enriched the legs	The fertilizer enriched the legs	 legs	19.522941706360577	1
The young girl passed her friend a mechanic	The young girl passed her friend a mechanic	 mechanic	19.910488547109452	1
He tinkered with the engine every weekend until it was absolutely forgiven	He tinkered with the engine every weekend until it was absolutely forgiven	 forgiven	19.02966840223519	1
When Diane heard the shark warning, she swam as fast as she could for relaxing	When Diane heard the shark warning, she swam as fast as she could for relaxing	 relaxing	25.055359795260756	1
Michael could hear the bells ringing in the tower of the deer	Michael could hear the bells ringing in the tower of the deer	 deer	17.891607075400174	1
When he got home from work on the construction site, his clothes were always sick	When he got home from work on the construction site, his clothes were always sick	 sick	15.497948056748925	1
Kevin propped his head up with a pillow as he basked in the hot size	Kevin propped his head up with a pillow as he basked in the hot size	 size	19.72540664300885	1
He bought it without even asking the helicopters	He bought it without even asking the helicopters	 helicopters	24.835995128903505	1
Barry has considered proposing to his girlfriend, but he wants to wait until he is flooded	Barry has considered proposing to his girlfriend, but he wants to wait until he is flooded	 flooded	20.230179669305162	1
John was disappointed to discover a scratch on his new taxes	John was disappointed to discover a scratch on his new taxes	 taxes	20.9748901932418	1
He was afraid that doing drugs would damage his fever	He was afraid that doing drugs would damage his fever	 fever	21.61112736244408	1
They've been living together for a long time, but don't think they're actually people	They've been living together for a long time, but don't think they're actually people	 people	17.511148195387182	1
Dennis the Menance was known for making apples	Dennis the Menance was known for making apples	 apples	22.48256133338232	1
When the shooting started they ran for convenience	When the shooting started they ran for convenience	 convenience	18.40858818713249	1
The federal agents examined the hundred dollar bill with a microscope to see if it was quiet	The federal agents examined the hundred dollar bill with a microscope to see if it was quiet	 quiet	22.642576411147477	1
Eva turned down the heat and left the sauce on the stove to state	Eva turned down the heat and left the sauce on the stove to state	 state	20.266293211568694	1
Alone in the canyon, he was so spooked he was scared by his own hospital	Alone in the canyon, he was so spooked he was scared by his own hospital	 hospital	19.067928674719564	1
Betsy could never tell a ditch	Betsy could never tell a ditch	 ditch	21.237450591818305	1
The bad boy was sent to his dusk	The bad boy was sent to his dusk	 dusk	23.92356842107344	1
The Vietnam vet had received the Purple Heart, and when he took off his shirt you could see all of his boxes	The Vietnam vet had received the Purple Heart, and when he took off his shirt you could see all of his boxes	 boxes	18.19632879385162	1
Trying to evade their captors, the escaped prisoners of war lived in constant size	Trying to evade their captors, the escaped prisoners of war lived in constant size	 size	22.0203290557567	1
The tip of the knife was chatting	The tip of the knife was chatting	 chatting	16.492221739638698	1
The little girl pulled on the rubber band to see how far it would yell	The little girl pulled on the rubber band to see how far it would yell	 yell	19.825578730477933	1
The soldiers had special night vision goggles so they could see the temper	The soldiers had special night vision goggles so they could see the temper	 temper	23.282688659229585	1
George was born into a wealthy family and has no idea what it's like to be pointed	George was born into a wealthy family and has no idea what it's like to be pointed	 pointed	20.42122423200976	1
Looking for bats, Karen descended into the depths of the doll	Looking for bats, Karen descended into the depths of the doll	 doll	18.921405680976797	1
We finally got a decent picture on the TV after an hour of adjusting the ceremonies	We finally got a decent picture on the TV after an hour of adjusting the ceremonies	 ceremonies	20.071636140481708	1
It took a week to get his car fixed because the parts were out of bread	It took a week to get his car fixed because the parts were out of bread	 bread	22.606347453280673	1
The dispute was settled by a third lifestyle	The dispute was settled by a third lifestyle	 lifestyle	19.920109880337144	1
Our guests should be arriving disabled	Our guests should be arriving disabled	 disabled	22.529291668451755	1
The dough was put in the hot project	The dough was put in the hot project	 project	19.957715169272955	1
Andrew was glad that the meeting was very pale	Andrew was glad that the meeting was very pale	 pale	19.85557957385322	1
When they came to Florida, Arthur couldn't see the swamp from the back of the crowded tour puppy	When they came to Florida, Arthur couldn't see the swamp from the back of the crowded tour puppy	 puppy	22.83570566818616	1
Most shark attacks occur very close to ideas	Most shark attacks occur very close to ideas	 ideas	21.515447827332324	1
He didn't have to spend much money on the car because he found an incredible stream	He didn't have to spend much money on the car because he found an incredible stream	 stream	20.593078065280455	1
The wealthy child went to a private material	The wealthy child went to a private material	 material	21.089269941473557	1
When you go to bed, turn off the stores	When you go to bed, turn off the stores	 stores	19.98156436099389	1
George must keep his pet on a meeting	George must keep his pet on a meeting	 meeting	23.540076996084505	1
He didn't have time to file everything on his desk, so he organized it into two cartoons	He didn't have time to file everything on his desk, so he organized it into two cartoons	 cartoons	22.068205612036124	1
The whole town came to hear their mayor scratch	The whole town came to hear their mayor scratch	 scratch	16.589664248090422	1
Josie found she could not bend the elbow of her broken absence	Josie found she could not bend the elbow of her broken absence	 absence	22.584897463412737	1
It's hard to admit when one is screened	It's hard to admit when one is screened	 screened	20.192528214128043	1
Vic asked her to repeat what she had vanished	Vic asked her to repeat what she had vanished	 vanished	22.432328134753607	1
When they were in London they visited Buckingham bait	When they were in London they visited Buckingham bait	 bait	27.415435758750192	1
The agent was sent to South America on a secret cow	The agent was sent to South America on a secret cow	 cow	21.021239656820438	1
Sam knew that rain was coming because he could smell it in the robbery	Sam knew that rain was coming because he could smell it in the robbery	 robbery	27.992854251135427	1
His boss refused to give him a cliff	His boss refused to give him a cliff	 cliff	20.874804667475168	1
She flew in late last night and really didn't get much music	She flew in late last night and really didn't get much music	 music	21.468195236658087	1
After a week, they gave up on the missing hikers and called off the boss	After a week, they gave up on the missing hikers and called off the boss	 boss	22.320160038019534	1
The salesman made the mistake of talking down to Jane because he thought she was stupid	The salesman made the mistake of talking down to Jane because he thought she was stupid	 stupid	2.42515175296832	1
Water was leaking out from the hole in the ceiling	Water was leaking out from the hole in the ceiling	 ceiling	3.557461198944813	1
Rushing out, he forgot to take his coat	Rushing out, he forgot to take his coat	 coat	5.061550560107318	1
At that time, the boys lived down by the river in a shack	At that time, the boys lived down by the river in a shack	 shack	3.3149383917912147	1
The salesman made the mistake of talking down to Jane because he thought she was dumb	The salesman made the mistake of talking down to Jane because he thought she was dumb	 dumb	7.3638967929965755	1
Water was leaking out from the hole in the roof	Water was leaking out from the hole in the roof	 roof	2.4799254014297185	1
Rushing out, he forgot to take his jacket	Rushing out, he forgot to take his jacket	 jacket	4.9723647396441075	1
At that time, the boys lived down by the river in a hut	At that time, the boys lived down by the river in a hut	 hut	7.199126159568135	1
The salesman made the mistake of talking down to Jane because he thought she was poor	The salesman made the mistake of talking down to Jane because he thought she was poor	 poor	12.133962650191615	1
Water was leaking out from the hole in the balloon	Water was leaking out from the hole in the balloon	 balloon	11.411275875940676	1
Rushing out, he forgot to take his umbrella	Rushing out, he forgot to take his umbrella	 umbrella	6.5545972448878524	1
At that time, the boys lived down by the river in a van	At that time, the boys lived down by the river in a van	 van	12.11036015932267	1
The salesman made the mistake of talking down to Jane because he thought she was abstract	The salesman made the mistake of talking down to Jane because he thought she was abstract	 abstract	23.475149948464335	1
Water was leaking out from the hole in the reward	Water was leaking out from the hole in the reward	 reward	22.784078826147947	1
Rushing out, he forgot to take his country	Rushing out, he forgot to take his country	 country	16.753675591118842	1
At that time, the boys lived down by the river in a letter	At that time, the boys lived down by the river in a letter	 letter	16.85850902626504	1
